C51 COMPILER V9.60.7.0   TEST_SSEC                                                         06/17/2024 16:29:10 PAGE 1   


C51 COMPILER V9.60.7.0, COMPILATION OF MODULE TEST_SSEC
OBJECT MODULE PLACED IN test_ssec.OBJ
COMPILER INVOKED BY: D:\Keil_v5\C51\BIN\C51.EXE test_ssec.c LARGE OPTIMIZE(0,SPEED) BROWSE INCDIR(..\timestamp) DEBUG OB
                    -JECTEXTEND TABS(2)

line level    source

   1          //#include "stdafx.h"
   2          #include <stdio.h>
   3          #include "timestamp_ssec.h"
   4          
   5          int main()
   6          {
   7   1          uint64_t unixtimestamp = 0;
   8   1      
   9   1          time_struct tt_in;
  10   1          uint64_t stamp;
  11   1      
  12   1          // time_struct t_out = {20, 24, 6, 14, 12, 0, 0, 64}; // 219950899264
  13   1          // time_struct t_out = {19, 70, 1, 1, 0, 0, 1, 64}; // Jun 14 2024 12:00:00:064
  14   1          // time_struct t_out = {19, 70, 12, 11, 0, 0, 1, 1}; // 3804364929
  15   1          // time_struct t_out = {19, 70, 2, 1, 0, 0, 0, 1}; // Jun 14 2024 12:00:00:064
  16   1          // time_struct t_out = {19, 70, 11, 1, 0, 0, 1, 64}; // Jun 14 2024 12:00:00:064
  17   1          // time_struct t_out = {19, 70, 1, 1, 0, 0, 1, 64}; // Jun 14 2024 12:00:00:064
  18   1          // time_struct t_out = {19, 70, 1, 1, 0, 0, 1, 64}; // Jun 14 2024 12:00:00:064
  19   1          // time_struct t_out = {19, 70, 1, 1, 0, 0, 1, 64}; // Jun 14 2024 12:00:00:064
  20   1          // time_struct t_out = {20, 00, 6, 14, 12, 0, 0, 64}; // Jun 14 2024 12:00:00:064
  21   1          time_struct t_out = {21, 00, 12, 14, 12, 0, 0, 64}; // 528956006464
  22   1          
  23   1          scanf("%lu", &unixtimestamp);
  24   1      
  25   1          tt_in = stamptotime(unixtimestamp);
  26   1          
  27   1          printf("%02d%02d-%02d-%02d %02d:%02d:%02d:%03d\n", tt_in.h_year, tt_in.l_year, tt_in.mon, tt_in.day, t
             -t_in.hour, tt_in.min, tt_in.sec, tt_in.ssec);
  28   1      
  29   1          stamp = timetostamp(t_out);
  30   1          printf("Unix timestamp: %lu\n", stamp);
  31   1      
  32   1          return 0;
  33   1      }


MODULE INFORMATION:   STATIC OVERLAYABLE
   CODE SIZE        =   2581    ----
   CONSTANT SIZE    =    105    ----
   XDATA SIZE       =    124    ----
   PDATA SIZE       =   ----    ----
   DATA SIZE        =   ----    ----
   IDATA SIZE       =   ----    ----
   BIT SIZE         =   ----    ----
END OF MODULE INFORMATION.


C51 COMPILATION COMPLETE.  0 WARNING(S),  0 ERROR(S)
